h:\cube_workspace\test3\drivers\lvgl\src\misc\lv_area.h:133:26:lv_area_get_height	16	static
h:\cube_workspace\test3\drivers\lvgl\src\misc\lv_color.h:588:26:lv_color_make	16	static
h:\cube_workspace\test3\drivers\lvgl\src\misc\lv_color.h:689:26:lv_color_white	8	static
h:\cube_workspace\test3\drivers\lvgl\src/core/lv_disp.h:182:26:lv_scr_act	8	static
../Drivers/lvgl/examples/widgets/table/lv_example_table_2.c:6:13:draw_event_cb	104	static
../Drivers/lvgl/examples/widgets/table/lv_example_table_2.c:41:13:change_event_cb	32	static
../Drivers/lvgl/examples/widgets/table/lv_example_table_2.c:56:6:lv_example_table_2	96	static
