../Drivers/BSP/STM324xG_EVAL/stm324xg_eval_lcd.c:117:9:BSP_LCD_Init	16	static
../Drivers/BSP/STM324xG_EVAL/stm324xg_eval_lcd.c:141:13:my_disp_flush	32	static
../Drivers/BSP/STM324xG_EVAL/stm324xg_eval_lcd.c:159:9:Display_Init	16	static
../Drivers/BSP/STM324xG_EVAL/stm324xg_eval_lcd.c:201:10:BSP_LCD_GetXSize	8	static
../Drivers/BSP/STM324xG_EVAL/stm324xg_eval_lcd.c:210:10:BSP_LCD_GetYSize	8	static
../Drivers/BSP/STM324xG_EVAL/stm324xg_eval_lcd.c:219:10:BSP_LCD_GetTextColor	4	static
../Drivers/BSP/STM324xG_EVAL/stm324xg_eval_lcd.c:228:10:BSP_LCD_GetBackColor	4	static
../Drivers/BSP/STM324xG_EVAL/stm324xg_eval_lcd.c:237:6:BSP_LCD_SetTextColor	16	static
../Drivers/BSP/STM324xG_EVAL/stm324xg_eval_lcd.c:246:6:BSP_LCD_SetBackColor	16	static
../Drivers/BSP/STM324xG_EVAL/stm324xg_eval_lcd.c:255:6:BSP_LCD_SetFont	16	static
../Drivers/BSP/STM324xG_EVAL/stm324xg_eval_lcd.c:264:8:BSP_LCD_GetFont	4	static
../Drivers/BSP/STM324xG_EVAL/stm324xg_eval_lcd.c:273:6:BSP_LCD_Clear	32	static
../Drivers/BSP/STM324xG_EVAL/stm324xg_eval_lcd.c:295:6:BSP_LCD_ClearStringLine	32	static
../Drivers/BSP/STM324xG_EVAL/stm324xg_eval_lcd.c:314:6:BSP_LCD_DisplayChar	16	static
../Drivers/BSP/STM324xG_EVAL/stm324xg_eval_lcd.c:331:6:BSP_LCD_DisplayStringAt	48	static
../Drivers/BSP/STM324xG_EVAL/stm324xg_eval_lcd.c:389:6:BSP_LCD_DisplayStringAtLine	16	static
../Drivers/BSP/STM324xG_EVAL/stm324xg_eval_lcd.c:400:10:BSP_LCD_ReadPixel	24	static
../Drivers/BSP/STM324xG_EVAL/stm324xg_eval_lcd.c:418:6:BSP_LCD_DrawPixel	16	static
../Drivers/BSP/STM324xG_EVAL/stm324xg_eval_lcd.c:432:6:BSP_LCD_DrawHLine	32	static
../Drivers/BSP/STM324xG_EVAL/stm324xg_eval_lcd.c:455:6:BSP_LCD_DrawVLine	32	static
../Drivers/BSP/STM324xG_EVAL/stm324xg_eval_lcd.c:479:6:BSP_LCD_DrawLine	56	static
../Drivers/BSP/STM324xG_EVAL/stm324xg_eval_lcd.c:553:6:BSP_LCD_DrawRect	24	static
../Drivers/BSP/STM324xG_EVAL/stm324xg_eval_lcd.c:570:6:BSP_LCD_DrawCircle	32	static
../Drivers/BSP/STM324xG_EVAL/stm324xg_eval_lcd.c:619:6:BSP_LCD_DrawPolygon	32	static
../Drivers/BSP/STM324xG_EVAL/stm324xg_eval_lcd.c:647:6:BSP_LCD_DrawEllipse	56	static
../Drivers/BSP/STM324xG_EVAL/stm324xg_eval_lcd.c:679:6:BSP_LCD_DrawBitmap	32	static
../Drivers/BSP/STM324xG_EVAL/stm324xg_eval_lcd.c:707:6:BSP_LCD_DrawRGBImage	32	static
../Drivers/BSP/STM324xG_EVAL/stm324xg_eval_lcd.c:726:6:BSP_LCD_FillRect	24	static
../Drivers/BSP/STM324xG_EVAL/stm324xg_eval_lcd.c:742:6:BSP_LCD_FillCircle	32	static
../Drivers/BSP/STM324xG_EVAL/stm324xg_eval_lcd.c:789:6:BSP_LCD_FillPolygon	64	static
../Drivers/BSP/STM324xG_EVAL/stm324xg_eval_lcd.c:857:6:BSP_LCD_FillEllipse	56	static
../Drivers/BSP/STM324xG_EVAL/stm324xg_eval_lcd.c:886:6:BSP_LCD_DisplayOn	8	static
../Drivers/BSP/STM324xG_EVAL/stm324xg_eval_lcd.c:894:6:BSP_LCD_DisplayOff	8	static
../Drivers/BSP/STM324xG_EVAL/stm324xg_eval_lcd.c:909:13:DrawChar	40	static
../Drivers/BSP/STM324xG_EVAL/stm324xg_eval_lcd.c:964:13:SetDisplayWindow	24	static
../Drivers/BSP/STM324xG_EVAL/stm324xg_eval_lcd.c:981:13:FillTriangle	56	static
