../Drivers/BSP/STM324xG_EVAL/stm324xg_eval_lcd.c:117:9:BSP_LCD_Init	16	static
../Drivers/BSP/STM324xG_EVAL/stm324xg_eval_lcd.c:141:13:my_disp_flush	32	static
../Drivers/BSP/STM324xG_EVAL/stm324xg_eval_lcd.c:162:9:Display_Init	16	static
../Drivers/BSP/STM324xG_EVAL/stm324xg_eval_lcd.c:204:10:BSP_LCD_GetXSize	8	static
../Drivers/BSP/STM324xG_EVAL/stm324xg_eval_lcd.c:213:10:BSP_LCD_GetYSize	8	static
../Drivers/BSP/STM324xG_EVAL/stm324xg_eval_lcd.c:222:10:BSP_LCD_GetTextColor	4	static
../Drivers/BSP/STM324xG_EVAL/stm324xg_eval_lcd.c:231:10:BSP_LCD_GetBackColor	4	static
../Drivers/BSP/STM324xG_EVAL/stm324xg_eval_lcd.c:240:6:BSP_LCD_SetTextColor	16	static
../Drivers/BSP/STM324xG_EVAL/stm324xg_eval_lcd.c:249:6:BSP_LCD_SetBackColor	16	static
../Drivers/BSP/STM324xG_EVAL/stm324xg_eval_lcd.c:258:6:BSP_LCD_SetFont	16	static
../Drivers/BSP/STM324xG_EVAL/stm324xg_eval_lcd.c:267:8:BSP_LCD_GetFont	4	static
../Drivers/BSP/STM324xG_EVAL/stm324xg_eval_lcd.c:276:6:BSP_LCD_Clear	32	static
../Drivers/BSP/STM324xG_EVAL/stm324xg_eval_lcd.c:298:6:BSP_LCD_ClearStringLine	32	static
../Drivers/BSP/STM324xG_EVAL/stm324xg_eval_lcd.c:317:6:BSP_LCD_DisplayChar	16	static
../Drivers/BSP/STM324xG_EVAL/stm324xg_eval_lcd.c:334:6:BSP_LCD_DisplayStringAt	48	static
../Drivers/BSP/STM324xG_EVAL/stm324xg_eval_lcd.c:392:6:BSP_LCD_DisplayStringAtLine	16	static
../Drivers/BSP/STM324xG_EVAL/stm324xg_eval_lcd.c:403:10:BSP_LCD_ReadPixel	24	static
../Drivers/BSP/STM324xG_EVAL/stm324xg_eval_lcd.c:421:6:BSP_LCD_DrawPixel	16	static
../Drivers/BSP/STM324xG_EVAL/stm324xg_eval_lcd.c:435:6:BSP_LCD_DrawHLine	32	static
../Drivers/BSP/STM324xG_EVAL/stm324xg_eval_lcd.c:458:6:BSP_LCD_DrawVLine	32	static
../Drivers/BSP/STM324xG_EVAL/stm324xg_eval_lcd.c:482:6:BSP_LCD_DrawLine	56	static
../Drivers/BSP/STM324xG_EVAL/stm324xg_eval_lcd.c:556:6:BSP_LCD_DrawRect	24	static
../Drivers/BSP/STM324xG_EVAL/stm324xg_eval_lcd.c:573:6:BSP_LCD_DrawCircle	32	static
../Drivers/BSP/STM324xG_EVAL/stm324xg_eval_lcd.c:622:6:BSP_LCD_DrawPolygon	32	static
../Drivers/BSP/STM324xG_EVAL/stm324xg_eval_lcd.c:650:6:BSP_LCD_DrawEllipse	56	static
../Drivers/BSP/STM324xG_EVAL/stm324xg_eval_lcd.c:682:6:BSP_LCD_DrawBitmap	32	static
../Drivers/BSP/STM324xG_EVAL/stm324xg_eval_lcd.c:710:6:BSP_LCD_DrawRGBImage	32	static
../Drivers/BSP/STM324xG_EVAL/stm324xg_eval_lcd.c:729:6:BSP_LCD_FillRect	24	static
../Drivers/BSP/STM324xG_EVAL/stm324xg_eval_lcd.c:745:6:BSP_LCD_FillCircle	32	static
../Drivers/BSP/STM324xG_EVAL/stm324xg_eval_lcd.c:792:6:BSP_LCD_FillPolygon	64	static
../Drivers/BSP/STM324xG_EVAL/stm324xg_eval_lcd.c:860:6:BSP_LCD_FillEllipse	56	static
../Drivers/BSP/STM324xG_EVAL/stm324xg_eval_lcd.c:889:6:BSP_LCD_DisplayOn	8	static
../Drivers/BSP/STM324xG_EVAL/stm324xg_eval_lcd.c:897:6:BSP_LCD_DisplayOff	8	static
../Drivers/BSP/STM324xG_EVAL/stm324xg_eval_lcd.c:912:13:DrawChar	40	static
../Drivers/BSP/STM324xG_EVAL/stm324xg_eval_lcd.c:967:13:SetDisplayWindow	24	static
../Drivers/BSP/STM324xG_EVAL/stm324xg_eval_lcd.c:984:13:FillTriangle	56	static
